--
-- Test foreign-data wrapper and server management. Greenplum MPP specific
--
CREATE FOREIGN DATA WRAPPER dummy OPTIONS (mpp_execute 'coordinator');;
COMMENT ON FOREIGN DATA WRAPPER dummy IS 'useless';
ALTER FOREIGN DATA WRAPPER dummy OPTIONS (SET mpp_execute 'all segments');
ERROR:  "mpp_execute" of foreign data wrapper is not allowed to be altered
-- CREATE FOREIGN TABLE
CREATE SERVER s0 FOREIGN DATA WRAPPER dummy;
CREATE FOREIGN TABLE ft2 (
	c1 int
) SERVER s0 OPTIONS (delimiter ',', mpp_execute 'a');           -- ERROR
ERROR:  "a" is not a valid mpp_execute value
CREATE FOREIGN TABLE ft2 (
	c1 int
) SERVER s0 OPTIONS (delimiter ',', mpp_execute 'any');
\d+ ft2
                                       Foreign table "public.ft2"
 Column |  Type   | Collation | Nullable | Default | FDW options | Storage | Stats target | Description 
--------+---------+-----------+----------+---------+-------------+---------+--------------+-------------
 c1     | integer |           |          |         |             | plain   |              | 
Server: s0
FDW options: (delimiter ',', mpp_execute 'any')

CREATE FOREIGN TABLE ft3 (
	c1 int
) SERVER s0 OPTIONS (delimiter ',', mpp_execute 'master');
CREATE FOREIGN TABLE ft4 (
	c1 int
) SERVER s0 OPTIONS (delimiter ',', mpp_execute 'all segments');
-- CREATE FOREIGN SERVER WITH num_segments
CREATE SERVER s1 FOREIGN DATA WRAPPER dummy OPTIONS (num_segments '5');
-- CHECK FOREIGN SERVER's OPTIONS
SELECT srvoptions FROM pg_foreign_server WHERE srvname = 's1';
    srvoptions    
------------------
 {num_segments=5}
(1 row)

-- Check compatibility between FOREIGN TABLE mpp_execute option and DISTRIBUTED BY clause
CREATE FOREIGN TABLE ft1_hash_dist (
	c1 int
) SERVER s1 OPTIONS (delimiter ',', mpp_execute 'coordinator') DISTRIBUTED BY (c1);     -- ERROR
ERROR:  The option mpp_execute of foreign table with hash or random distribution must be set to "all segments".
CREATE FOREIGN TABLE ft1_hash_dist (
	c1 int
) SERVER s1 OPTIONS (delimiter ',', mpp_execute 'all segments') DISTRIBUTED BY (c1);
SELECT policytype, numsegments, distkey, distclass 
FROM gp_distribution_policy WHERE localoid = 'ft1_hash_dist'::regclass;
 policytype | numsegments | distkey | distclass 
------------+-------------+---------+-----------
 p          |           5 | 1       | 10054
(1 row)

ALTER FOREIGN TABLE ft1_hash_dist SET DISTRIBUTED REPLICATED;
ERROR:  Greenplum doesn't support to modify distribution policy of common foreign table now. (tablecmds.c:5164)
CREATE FOREIGN TABLE ft1_repl_dist (
	c1 int
) SERVER s1 OPTIONS (delimiter ',', mpp_execute 'all segments') DISTRIBUTED REPLICATED;	-- ERROR
ERROR:  Distribution policy can NOT be set to DISTRIBUTED REPLICATED for foreign table.
